// Jest Snapshot v1, https://goo.gl/fbAQLP

exports[`Colors component matches snapshot 1`] = `<ul />`;
