// Jest Snapshot v1, https://goo.gl/fbAQLP

exports[`photos component matches snapshot 1`] = `
<ul
  className="Photos"
/>
`;
