// Jest Snapshot v1, https://goo.gl/fbAQLP

exports[`Sidebar component matches snapshot 1`] = `
<nav
  className="Sidebar"
/>
`;
